<html>
<body>
<pre>
<h1>µVision Build Log</h1>
<h2>Project:</h2>
C:\Keil\ARM\Examples\Blinky\New folder\Cortex M4 tutorial.uvproj
Project File Date:  08/26/2015

<h2>Output:</h2>
Rebuild target 'Target 1'
assembling startup_TM4C123.s...
compiling main.c...
compiling system_TM4C123.c...
linking...
Program Size: Code=1352 RO-data=652 RW-data=4 ZI-data=612  
".\Cortex M4 tutorial.axf" - 0 Error(s), 0 Warning(s).
Load "C:\\Keil\\ARM\\Examples\\Blinky\\New folder\\Cortex M4 tutorial.axf" 
Connecting: Mode=JTAG, Speed=1000000Hz
Connection failed!, error code=&d
Error: Flash Download failed  -  Target DLL has been cancelled
Load "C:\\Keil\\ARM\\Examples\\Blinky\\New folder\\Cortex M4 tutorial.axf" 
Connecting: Mode=JTAG, Speed=1000000Hz
Erase Done.
Programming Done.
Verify OK.
.
Program Size: Code=1256 RO-data=652 RW-data=4 ZI-data=612  
".\Cortex M4 tutorial.axf" - 0 Error(s), 3 Warning(s).
rtex M4 tutorial.axf: Error: L6218E: Undefined symbol __enable_interrupt (referred from main.o).
Not enough information to list image symbols.
Finished: 1 information, 0 warning and 1 error messages.
".\Cortex M4 tutorial.axf" - 1 Error(s), 4 Warning(s).
Target not created
